nohup: ignoring input
[load] existing parquet: binance_data/BTCUSDT_1m.parquet
[info] raw rows: 262,080
[info] usable rows after features: 262,015
[info] train rows: 209,612
[info] test rows:  52,403

===== RESULTS =====
Train [Parallel(n_jobs=-1)]: Done 300 out of 300 | elapsed: 18.3min finished
[Parallel(n_jobs=2)]: Using backend ThreadingBackend with 2 concurrent workers.
[Parallel(n_jobs=2)]: Done  46 tasks      | elapsed:    0.2s
[Parallel(n_jobs=2)]: Done 196 tasks      | elapsed:    1.0s
[Parallel(n_jobs=2)]: Done 300 out of 300 | elapsed:    1.5s finished
[Parallel(n_jobs=2)]: Using backend ThreadingBackend with 2 concurrent workers.
[Parallel(n_jobs=2)]: Done  46 tasks      | elapsed:    0.1s
[Parallel(n_jobs=2)]: Done 196 tasks      | elapsed:    0.3s
[Parallel(n_jobs=2)]: Done 300 out of 300 | elapsed:    0.4s finished
[download] https://data.binance.vision/data/spot/monthly/klines/BTCUSDT/1m/BTCUSDT-1m-2024-01.zip
[download] https://data.binance.vision/data/spot/monthly/klines/BTCUSDT/1m/BTCUSDT-1m-2024-02.zip
[download] https://data.binance.vision/data/spot/monthly/klines/BTCUSDT/1m/BTCUSDT-1m-2024-03.zip
[download] https://data.binance.vision/data/spot/monthly/klines/BTCUSDT/1m/BTCUSDT-1m-2024-04.zip
[download] https://data.binance.vision/data/spot/monthly/klines/BTCUSDT/1m/BTCUSDT-1m-2024-05.zip
[download] https://data.binance.vision/data/spot/monthly/klines/BTCUSDT/1m/BTCUSDT-1m-2024-06.zip
[done] 2024-03
[done] 2024-01
[done] 2024-05
[done] 2024-02
[done] 2024-06
[done] 2024-04
[read] binance_data/raw/BTCUSDT-1m-2024-01.zip
[read] binance_data/raw/BTCUSDT-1m-2024-02.zip
[read] binance_data/raw/BTCUSDT-1m-2024-03.zip
[read] binance_data/raw/BTCUSDT-1m-2024-04.zip
[read] binance_data/raw/BTCUSDT-1m-2024-05.zip
[read] binance_data/raw/BTCUSDT-1m-2024-06.zip
[saved] parquet -> binance_data/BTCUSDT_1m.parquet
[info] raw rows: 262,080
[info] usable rows after features: 262,015
[info] train rows: 209,612
[info] test rows:  52,403
[training] fitting random forest...
[training] done in 1100.72s
[eval] computing metrics...

===== RESULTS =====
Train IC:      0.194117
Test IC:       -0.016891
Train Rank IC: 0.054946
Test Rank IC:  0.015740
Train RMSE:    0.001735
Test RMSE:     0.001151

===== FEATURE IMPORTANCE =====
ret_15                  0.254713
close_over_ma_15        0.170820
ret_60                  0.072048
vol_30                  0.064988
ret_5                   0.056125
close_over_ma_60        0.054240
vol_15                  0.050465
ret_3                   0.049460
vol_5                   0.042725
vol_60                  0.036973
hl_spread               0.034592
ret_30                  0.031175
close_over_ma_5         0.026989
volume_zscore_20        0.009612
num_trades_zscore_20    0.009455
co_spread               0.008908
ret_1                   0.008712
taker_buy_ratio         0.006894
close_pos_in_bar        0.006424
volume_ret_1            0.004682
dtype: float64

===== SIGNAL COUNTS =====
signal
-1       32
 0    52351
 1       20
Name: count, dtype: int64

===== SIMPLE SIGNAL STATS =====
Average return on signalled trades: -0.000340
Sum of strategy returns:            -0.017661

[saved] predictions -> binance_data/BTCUSDT_1m_rf_predictions.csv
