nohup: ignoring input
Starting papermill runs...
Running for BTCUSDT...
Input Notebook:  train_rf.ipynb
Output Notebook: outputs/out_BTCUSDT.ipynb
Executing:   0%|          | 0/9 [00:00<?, ?cell/s]Executing notebook with kernel: python3
Executing:  11%|█         | 1/9 [00:01<00:11,  1.39s/cell]Executing:  33%|███▎      | 3/9 [00:05<00:11,  1.89s/cell]Executing:  56%|█████▌    | 5/9 [05:24<05:31, 82.86s/cell]Kernel died while waiting for execute reply.
Executing:  67%|██████▋   | 6/9 [15:34<11:13, 224.63s/cell]Executing:  67%|██████▋   | 6/9 [15:34<07:47, 155.83s/cell]
Traceback (most recent call last):
  File "/home/ec2-user/quant_hackathon/venv/lib/python3.11/site-packages/papermill/cli.py", line 235, in papermill
    execute_notebook(
  File "/home/ec2-user/quant_hackathon/venv/lib/python3.11/site-packages/papermill/execute.py", line 116, in execute_notebook
    nb = papermill_engines.execute_notebook_with_engine(
         ^^^^^^^^^^^^^^^^^^^^^^^^^^^^^^^^^^^^^^^^^^^^^^^
  File "/home/ec2-user/quant_hackathon/venv/lib/python3.11/site-packages/papermill/engines.py", line 49, in execute_notebook_with_engine
    return self.get_engine(engine_name).execute_notebook(nb, kernel_name, **kwargs)
           ^^^^^^^^^^^^^^^^^^^^^^^^^^^^^^^^^^^^^^^^^^^^^^^^^^^^^^^^^^^^^^^^^^^^^^^^
  File "/home/ec2-user/quant_hackathon/venv/lib/python3.11/site-packages/papermill/engines.py", line 371, in execute_notebook
    cls.execute_managed_notebook(nb_man, kernel_name, log_output=log_output, **kwargs)
  File "/home/ec2-user/quant_hackathon/venv/lib/python3.11/site-packages/papermill/engines.py", line 443, in execute_managed_notebook
    return PapermillNotebookClient(nb_man, **final_kwargs).execute()
           ^^^^^^^^^^^^^^^^^^^^^^^^^^^^^^^^^^^^^^^^^^^^^^^^^^^^^^^^^
  File "/home/ec2-user/quant_hackathon/venv/lib/python3.11/site-packages/papermill/clientwrap.py", line 45, in execute
    self.papermill_execute_cells()
  File "/home/ec2-user/quant_hackathon/venv/lib/python3.11/site-packages/papermill/clientwrap.py", line 72, in papermill_execute_cells
    self.execute_cell(cell, index)
  File "/home/ec2-user/quant_hackathon/venv/lib/python3.11/site-packages/jupyter_core/utils/__init__.py", line 165, in wrapped
    return loop.run_until_complete(inner)
           ^^^^^^^^^^^^^^^^^^^^^^^^^^^^^^
  File "/usr/local/lib/python3.11/asyncio/base_events.py", line 654, in run_until_complete
    return future.result()
           ^^^^^^^^^^^^^^^
  File "/home/ec2-user/quant_hackathon/venv/lib/python3.11/site-packages/nbclient/client.py", line 1009, in async_execute_cell
    raise DeadKernelError("Kernel died") from None
nbclient.exceptions.DeadKernelError: Kernel died
